---
source: tui/src/history_cell.rs
expression: rendered
---
• Explored
  └ Search shimmer_spans
    Read shimmer.rs
    Read statusline/mod.rs
