---
source: tui/src/chatwidget/tests.rs
expression: terminal.backend()
---
" tui  󱚥 gpt-5-codex   vermissian  "
